mode: set
github.com/umatare5/cisco-wnc-exporter/internal/cache/cache.go:19.59,24.2 1 1
github.com/umatare5/cisco-wnc-exporter/internal/cache/cache.go:26.66,29.17 2 1
github.com/umatare5/cisco-wnc-exporter/internal/cache/cache.go:29.17,33.3 3 1
github.com/umatare5/cisco-wnc-exporter/internal/cache/cache.go:34.2,40.17 4 1
github.com/umatare5/cisco-wnc-exporter/internal/cache/cache.go:40.17,42.3 1 0
github.com/umatare5/cisco-wnc-exporter/internal/cache/cache.go:44.2,48.16 4 1
github.com/umatare5/cisco-wnc-exporter/internal/cache/cache.go:48.16,51.3 2 1
github.com/umatare5/cisco-wnc-exporter/internal/cache/cache.go:53.2,57.18 4 1
github.com/umatare5/cisco-wnc-exporter/internal/cache/cache.go:62.35,64.2 1 1
github.com/umatare5/cisco-wnc-exporter/internal/cache/cache.go:68.42,72.17 3 1
github.com/umatare5/cisco-wnc-exporter/internal/cache/cache.go:72.17,74.3 1 1
github.com/umatare5/cisco-wnc-exporter/internal/cache/cache.go:76.2,77.20 2 1
github.com/umatare5/cisco-wnc-exporter/internal/cache/cache.go:81.33,87.2 4 1
github.com/umatare5/cisco-wnc-exporter/internal/cache/cache.go:90.46,96.2 4 1
github.com/umatare5/cisco-wnc-exporter/internal/collector/ap.go:83.16,94.18 4 1
github.com/umatare5/cisco-wnc-exporter/internal/collector/ap.go:94.18,104.3 5 1
github.com/umatare5/cisco-wnc-exporter/internal/collector/ap.go:106.2,106.21 1 1
github.com/umatare5/cisco-wnc-exporter/internal/collector/ap.go:106.21,137.3 5 1
github.com/umatare5/cisco-wnc-exporter/internal/collector/ap.go:139.2,139.19 1 1
github.com/umatare5/cisco-wnc-exporter/internal/collector/ap.go:139.19,164.3 4 1
github.com/umatare5/cisco-wnc-exporter/internal/collector/ap.go:166.2,166.19 1 1
github.com/umatare5/cisco-wnc-exporter/internal/collector/ap.go:166.19,203.3 6 1
github.com/umatare5/cisco-wnc-exporter/internal/collector/ap.go:205.2,205.21 1 1
github.com/umatare5/cisco-wnc-exporter/internal/collector/ap.go:205.21,218.3 2 1
github.com/umatare5/cisco-wnc-exporter/internal/collector/ap.go:220.2,220.21 1 1
github.com/umatare5/cisco-wnc-exporter/internal/collector/ap.go:220.21,281.3 10 1
github.com/umatare5/cisco-wnc-exporter/internal/collector/ap.go:283.2,283.20 1 1
github.com/umatare5/cisco-wnc-exporter/internal/collector/ap.go:283.20,368.3 14 1
github.com/umatare5/cisco-wnc-exporter/internal/collector/ap.go:369.2,369.18 1 1
github.com/umatare5/cisco-wnc-exporter/internal/collector/ap.go:373.60,374.23 1 1
github.com/umatare5/cisco-wnc-exporter/internal/collector/ap.go:374.23,382.3 7 1
github.com/umatare5/cisco-wnc-exporter/internal/collector/ap.go:383.2,383.21 1 1
github.com/umatare5/cisco-wnc-exporter/internal/collector/ap.go:383.21,394.3 10 1
github.com/umatare5/cisco-wnc-exporter/internal/collector/ap.go:395.2,395.23 1 1
github.com/umatare5/cisco-wnc-exporter/internal/collector/ap.go:395.23,406.3 10 1
github.com/umatare5/cisco-wnc-exporter/internal/collector/ap.go:407.2,407.22 1 1
github.com/umatare5/cisco-wnc-exporter/internal/collector/ap.go:407.22,422.3 14 1
github.com/umatare5/cisco-wnc-exporter/internal/collector/ap.go:423.2,423.20 1 1
github.com/umatare5/cisco-wnc-exporter/internal/collector/ap.go:423.20,425.3 1 1
github.com/umatare5/cisco-wnc-exporter/internal/collector/ap.go:429.60,432.33 2 1
github.com/umatare5/cisco-wnc-exporter/internal/collector/ap.go:432.33,434.3 1 1
github.com/umatare5/cisco-wnc-exporter/internal/collector/ap.go:436.2,438.16 3 1
github.com/umatare5/cisco-wnc-exporter/internal/collector/ap.go:438.16,440.3 1 1
github.com/umatare5/cisco-wnc-exporter/internal/collector/ap.go:441.2,445.16 4 1
github.com/umatare5/cisco-wnc-exporter/internal/collector/ap.go:445.16,447.3 1 1
github.com/umatare5/cisco-wnc-exporter/internal/collector/ap.go:448.2,451.52 3 1
github.com/umatare5/cisco-wnc-exporter/internal/collector/ap.go:451.52,453.17 2 1
github.com/umatare5/cisco-wnc-exporter/internal/collector/ap.go:453.17,455.4 1 1
github.com/umatare5/cisco-wnc-exporter/internal/collector/ap.go:456.3,456.61 1 1
github.com/umatare5/cisco-wnc-exporter/internal/collector/ap.go:459.2,460.34 2 1
github.com/umatare5/cisco-wnc-exporter/internal/collector/ap.go:460.34,462.17 2 1
github.com/umatare5/cisco-wnc-exporter/internal/collector/ap.go:462.17,464.4 1 1
github.com/umatare5/cisco-wnc-exporter/internal/collector/ap.go:465.3,465.49 1 1
github.com/umatare5/cisco-wnc-exporter/internal/collector/ap.go:468.2,472.32 5 1
github.com/umatare5/cisco-wnc-exporter/internal/collector/ap.go:472.32,474.17 2 1
github.com/umatare5/cisco-wnc-exporter/internal/collector/ap.go:474.17,476.4 1 1
github.com/umatare5/cisco-wnc-exporter/internal/collector/ap.go:477.3,480.23 3 1
github.com/umatare5/cisco-wnc-exporter/internal/collector/ap.go:480.23,482.4 1 1
github.com/umatare5/cisco-wnc-exporter/internal/collector/ap.go:484.3,485.20 2 1
github.com/umatare5/cisco-wnc-exporter/internal/collector/ap.go:485.20,487.4 1 1
github.com/umatare5/cisco-wnc-exporter/internal/collector/ap.go:492.3,492.40 1 1
github.com/umatare5/cisco-wnc-exporter/internal/collector/ap.go:492.40,494.4 1 1
github.com/umatare5/cisco-wnc-exporter/internal/collector/ap.go:497.2,498.33 2 1
github.com/umatare5/cisco-wnc-exporter/internal/collector/ap.go:498.33,500.17 2 1
github.com/umatare5/cisco-wnc-exporter/internal/collector/ap.go:500.17,502.4 1 1
github.com/umatare5/cisco-wnc-exporter/internal/collector/ap.go:502.9,504.4 1 1
github.com/umatare5/cisco-wnc-exporter/internal/collector/ap.go:506.3,507.17 2 1
github.com/umatare5/cisco-wnc-exporter/internal/collector/ap.go:507.17,509.4 1 1
github.com/umatare5/cisco-wnc-exporter/internal/collector/ap.go:509.9,511.4 1 1
github.com/umatare5/cisco-wnc-exporter/internal/collector/ap.go:513.3,514.17 2 1
github.com/umatare5/cisco-wnc-exporter/internal/collector/ap.go:514.17,516.4 1 1
github.com/umatare5/cisco-wnc-exporter/internal/collector/ap.go:516.9,518.4 1 1
github.com/umatare5/cisco-wnc-exporter/internal/collector/ap.go:521.2,521.34 1 1
github.com/umatare5/cisco-wnc-exporter/internal/collector/ap.go:521.34,522.33 1 1
github.com/umatare5/cisco-wnc-exporter/internal/collector/ap.go:522.33,524.4 1 1
github.com/umatare5/cisco-wnc-exporter/internal/collector/ap.go:527.2,527.37 1 1
github.com/umatare5/cisco-wnc-exporter/internal/collector/ap.go:527.37,528.24 1 1
github.com/umatare5/cisco-wnc-exporter/internal/collector/ap.go:528.24,530.4 1 1
github.com/umatare5/cisco-wnc-exporter/internal/collector/ap.go:531.3,531.22 1 1
github.com/umatare5/cisco-wnc-exporter/internal/collector/ap.go:531.22,533.4 1 1
github.com/umatare5/cisco-wnc-exporter/internal/collector/ap.go:534.3,534.24 1 1
github.com/umatare5/cisco-wnc-exporter/internal/collector/ap.go:534.24,536.4 1 1
github.com/umatare5/cisco-wnc-exporter/internal/collector/ap.go:537.3,537.23 1 1
github.com/umatare5/cisco-wnc-exporter/internal/collector/ap.go:537.23,542.4 1 1
github.com/umatare5/cisco-wnc-exporter/internal/collector/ap.go:543.3,543.21 1 1
github.com/umatare5/cisco-wnc-exporter/internal/collector/ap.go:543.21,545.4 1 1
github.com/umatare5/cisco-wnc-exporter/internal/collector/ap.go:555.3,561.78 2 1
github.com/umatare5/cisco-wnc-exporter/internal/collector/ap.go:561.78,569.3 1 1
github.com/umatare5/cisco-wnc-exporter/internal/collector/ap.go:571.2,576.67 2 1
github.com/umatare5/cisco-wnc-exporter/internal/collector/ap.go:576.67,581.3 1 1
github.com/umatare5/cisco-wnc-exporter/internal/collector/ap.go:583.2,583.33 1 1
github.com/umatare5/cisco-wnc-exporter/internal/collector/ap.go:583.33,585.3 1 1
github.com/umatare5/cisco-wnc-exporter/internal/collector/ap.go:592.3,600.33 3 1
github.com/umatare5/cisco-wnc-exporter/internal/collector/ap.go:600.33,602.3 1 1
github.com/umatare5/cisco-wnc-exporter/internal/collector/ap.go:611.3,621.48 4 1
github.com/umatare5/cisco-wnc-exporter/internal/collector/ap.go:621.48,626.3 1 1
github.com/umatare5/cisco-wnc-exporter/internal/collector/ap.go:628.2,628.27 1 1
github.com/umatare5/cisco-wnc-exporter/internal/collector/ap.go:628.27,633.3 1 1
github.com/umatare5/cisco-wnc-exporter/internal/collector/ap.go:635.2,635.52 1 1
github.com/umatare5/cisco-wnc-exporter/internal/collector/ap.go:635.52,636.26 1 1
github.com/umatare5/cisco-wnc-exporter/internal/collector/ap.go:636.26,643.4 1 1
github.com/umatare5/cisco-wnc-exporter/internal/collector/ap.go:644.3,644.67 1 1
github.com/umatare5/cisco-wnc-exporter/internal/collector/ap.go:644.67,646.4 1 1
github.com/umatare5/cisco-wnc-exporter/internal/collector/ap.go:651.2,651.28 1 1
github.com/umatare5/cisco-wnc-exporter/internal/collector/ap.go:651.28,656.3 1 1
github.com/umatare5/cisco-wnc-exporter/internal/collector/ap.go:658.2,658.33 1 1
github.com/umatare5/cisco-wnc-exporter/internal/collector/ap.go:658.33,660.3 1 1
github.com/umatare5/cisco-wnc-exporter/internal/collector/ap.go:667.3,669.9 2 1
github.com/umatare5/cisco-wnc-exporter/internal/collector/ap.go:669.9,671.3 1 1
github.com/umatare5/cisco-wnc-exporter/internal/collector/ap.go:673.2,687.40 3 1
github.com/umatare5/cisco-wnc-exporter/internal/collector/ap.go:687.40,689.3 1 1
github.com/umatare5/cisco-wnc-exporter/internal/collector/ap.go:699.3,707.87 3 1
github.com/umatare5/cisco-wnc-exporter/internal/collector/ap.go:707.87,710.3 1 1
github.com/umatare5/cisco-wnc-exporter/internal/collector/ap.go:711.2,711.57 1 1
github.com/umatare5/cisco-wnc-exporter/internal/collector/ap.go:711.57,715.3 1 1
github.com/umatare5/cisco-wnc-exporter/internal/collector/ap.go:716.2,717.76 1 1
github.com/umatare5/cisco-wnc-exporter/internal/collector/ap.go:717.76,721.3 1 1
github.com/umatare5/cisco-wnc-exporter/internal/collector/ap.go:723.2,724.9 2 1
github.com/umatare5/cisco-wnc-exporter/internal/collector/ap.go:724.9,726.3 1 1
github.com/umatare5/cisco-wnc-exporter/internal/collector/ap.go:728.2,742.38 2 1
github.com/umatare5/cisco-wnc-exporter/internal/collector/ap.go:742.38,744.3 1 1
github.com/umatare5/cisco-wnc-exporter/internal/collector/ap.go:751.3,752.23 1 1
github.com/umatare5/cisco-wnc-exporter/internal/collector/ap.go:752.23,754.3 1 0
github.com/umatare5/cisco-wnc-exporter/internal/collector/ap.go:756.2,757.13 2 1
github.com/umatare5/cisco-wnc-exporter/internal/collector/ap.go:757.13,759.3 1 1
github.com/umatare5/cisco-wnc-exporter/internal/collector/ap.go:761.2,770.41 8 1
github.com/umatare5/cisco-wnc-exporter/internal/collector/ap.go:770.41,771.16 1 1
github.com/umatare5/cisco-wnc-exporter/internal/collector/ap.go:772.17,773.28 1 1
github.com/umatare5/cisco-wnc-exporter/internal/collector/ap.go:774.18,775.27 1 1
github.com/umatare5/cisco-wnc-exporter/internal/collector/ap.go:776.16,777.29 1 1
github.com/umatare5/cisco-wnc-exporter/internal/collector/ap.go:778.19,779.25 1 1
github.com/umatare5/cisco-wnc-exporter/internal/collector/ap.go:780.18,781.20 1 1
github.com/umatare5/cisco-wnc-exporter/internal/collector/ap.go:782.19,783.21 1 1
github.com/umatare5/cisco-wnc-exporter/internal/collector/ap.go:784.20,785.22 1 1
github.com/umatare5/cisco-wnc-exporter/internal/collector/ap.go:786.23,787.25 1 1
github.com/umatare5/cisco-wnc-exporter/internal/collector/ap.go:788.20,789.22 1 1
github.com/umatare5/cisco-wnc-exporter/internal/collector/ap.go:790.11,791.18 1 0
github.com/umatare5/cisco-wnc-exporter/internal/collector/ap.go:795.2,795.86 1 1
github.com/umatare5/cisco-wnc-exporter/internal/collector/ap.go:798.74,800.36 2 1
github.com/umatare5/cisco-wnc-exporter/internal/collector/ap.go:800.36,802.3 1 1
github.com/umatare5/cisco-wnc-exporter/internal/collector/ap.go:803.2,803.18 1 1
github.com/umatare5/cisco-wnc-exporter/internal/collector/ap.go:806.83,808.34 2 1
github.com/umatare5/cisco-wnc-exporter/internal/collector/ap.go:808.34,811.3 2 1
github.com/umatare5/cisco-wnc-exporter/internal/collector/ap.go:812.2,812.17 1 1
github.com/umatare5/cisco-wnc-exporter/internal/collector/ap.go:815.102,817.39 2 1
github.com/umatare5/cisco-wnc-exporter/internal/collector/ap.go:817.39,818.35 1 1
github.com/umatare5/cisco-wnc-exporter/internal/collector/ap.go:818.35,820.4 1 1
github.com/umatare5/cisco-wnc-exporter/internal/collector/ap.go:821.3,821.46 1 1
github.com/umatare5/cisco-wnc-exporter/internal/collector/ap.go:823.2,823.17 1 1
github.com/umatare5/cisco-wnc-exporter/internal/collector/ap.go:826.74,828.34 2 1
github.com/umatare5/cisco-wnc-exporter/internal/collector/ap.go:828.34,830.3 1 1
github.com/umatare5/cisco-wnc-exporter/internal/collector/ap.go:831.2,831.16 1 1
github.com/umatare5/cisco-wnc-exporter/internal/collector/ap.go:834.96,836.43 2 1
github.com/umatare5/cisco-wnc-exporter/internal/collector/ap.go:836.43,839.3 2 1
github.com/umatare5/cisco-wnc-exporter/internal/collector/ap.go:840.2,840.23 1 1
github.com/umatare5/cisco-wnc-exporter/internal/collector/ap.go:848.91,850.40 2 1
github.com/umatare5/cisco-wnc-exporter/internal/collector/ap.go:850.40,851.35 1 1
github.com/umatare5/cisco-wnc-exporter/internal/collector/ap.go:851.35,853.4 1 1
github.com/umatare5/cisco-wnc-exporter/internal/collector/ap.go:854.3,854.54 1 1
github.com/umatare5/cisco-wnc-exporter/internal/collector/ap.go:856.2,856.17 1 1
github.com/umatare5/cisco-wnc-exporter/internal/collector/ap.go:859.85,861.39 2 1
github.com/umatare5/cisco-wnc-exporter/internal/collector/ap.go:861.39,864.3 2 1
github.com/umatare5/cisco-wnc-exporter/internal/collector/ap.go:865.2,865.20 1 1
github.com/umatare5/cisco-wnc-exporter/internal/collector/ap.go:868.97,870.37 2 1
github.com/umatare5/cisco-wnc-exporter/internal/collector/ap.go:870.37,873.3 2 1
github.com/umatare5/cisco-wnc-exporter/internal/collector/ap.go:874.2,874.17 1 1
github.com/umatare5/cisco-wnc-exporter/internal/collector/ap.go:882.26,886.36 3 1
github.com/umatare5/cisco-wnc-exporter/internal/collector/ap.go:886.36,888.3 1 1
github.com/umatare5/cisco-wnc-exporter/internal/collector/ap.go:890.2,890.34 1 1
github.com/umatare5/cisco-wnc-exporter/internal/collector/ap.go:890.34,891.38 1 1
github.com/umatare5/cisco-wnc-exporter/internal/collector/ap.go:891.38,892.12 1 1
github.com/umatare5/cisco-wnc-exporter/internal/collector/ap.go:895.3,896.10 2 1
github.com/umatare5/cisco-wnc-exporter/internal/collector/ap.go:896.10,897.12 1 1
github.com/umatare5/cisco-wnc-exporter/internal/collector/ap.go:900.3,900.31 1 1
github.com/umatare5/cisco-wnc-exporter/internal/collector/ap.go:900.31,902.4 1 1
github.com/umatare5/cisco-wnc-exporter/internal/collector/ap.go:903.3,903.39 1 1
github.com/umatare5/cisco-wnc-exporter/internal/collector/ap.go:906.2,906.18 1 1
github.com/umatare5/cisco-wnc-exporter/internal/collector/ap.go:910.60,911.23 1 1
github.com/umatare5/cisco-wnc-exporter/internal/collector/ap.go:911.23,913.3 1 1
github.com/umatare5/cisco-wnc-exporter/internal/collector/ap.go:915.2,916.16 2 1
github.com/umatare5/cisco-wnc-exporter/internal/collector/ap.go:916.16,918.3 1 1
github.com/umatare5/cisco-wnc-exporter/internal/collector/ap.go:920.2,921.32 2 1
github.com/umatare5/cisco-wnc-exporter/internal/collector/ap.go:924.53,926.2 1 1
github.com/umatare5/cisco-wnc-exporter/internal/collector/ap.go:929.69,931.16 2 1
github.com/umatare5/cisco-wnc-exporter/internal/collector/ap.go:931.16,933.3 1 1
github.com/umatare5/cisco-wnc-exporter/internal/collector/ap.go:935.2,936.37 2 1
github.com/umatare5/cisco-wnc-exporter/internal/collector/ap.go:947.94,948.51 1 1
github.com/umatare5/cisco-wnc-exporter/internal/collector/ap.go:948.51,950.3 1 1
github.com/umatare5/cisco-wnc-exporter/internal/collector/ap.go:952.2,953.18 2 1
github.com/umatare5/cisco-wnc-exporter/internal/collector/ap.go:953.18,955.3 1 0
github.com/umatare5/cisco-wnc-exporter/internal/collector/ap.go:957.2,957.53 1 1
github.com/umatare5/cisco-wnc-exporter/internal/collector/ap.go:957.53,958.27 1 1
github.com/umatare5/cisco-wnc-exporter/internal/collector/ap.go:958.27,960.4 1 1
github.com/umatare5/cisco-wnc-exporter/internal/collector/ap.go:962.2,962.17 1 1
github.com/umatare5/cisco-wnc-exporter/internal/collector/band.go:37.50,38.33 1 1
github.com/umatare5/cisco-wnc-exporter/internal/collector/band.go:39.32,40.19 1 1
github.com/umatare5/cisco-wnc-exporter/internal/collector/band.go:41.26,42.18 1 1
github.com/umatare5/cisco-wnc-exporter/internal/collector/band.go:43.26,44.18 1 1
github.com/umatare5/cisco-wnc-exporter/internal/collector/band.go:45.10,48.21 1 1
github.com/umatare5/cisco-wnc-exporter/internal/collector/band.go:67.52,68.26 1 1
github.com/umatare5/cisco-wnc-exporter/internal/collector/band.go:70.89,71.19 1 1
github.com/umatare5/cisco-wnc-exporter/internal/collector/band.go:73.86,74.18 1 1
github.com/umatare5/cisco-wnc-exporter/internal/collector/band.go:75.62,76.18 1 1
github.com/umatare5/cisco-wnc-exporter/internal/collector/band.go:77.91,80.21 1 1
github.com/umatare5/cisco-wnc-exporter/internal/collector/band.go:81.10,82.21 1 1
github.com/umatare5/cisco-wnc-exporter/internal/collector/band.go:98.73,99.35 1 1
github.com/umatare5/cisco-wnc-exporter/internal/collector/band.go:99.35,101.3 1 1
github.com/umatare5/cisco-wnc-exporter/internal/collector/band.go:102.2,102.35 1 1
github.com/umatare5/cisco-wnc-exporter/internal/collector/band.go:102.35,107.3 1 1
github.com/umatare5/cisco-wnc-exporter/internal/collector/band.go:109.2,109.37 1 1
github.com/umatare5/cisco-wnc-exporter/internal/collector/band.go:109.37,110.64 1 1
github.com/umatare5/cisco-wnc-exporter/internal/collector/band.go:110.64,112.4 1 1
github.com/umatare5/cisco-wnc-exporter/internal/collector/band.go:114.2,114.19 1 1
github.com/umatare5/cisco-wnc-exporter/internal/collector/cache.go:29.112,35.2 1 1
github.com/umatare5/cisco-wnc-exporter/internal/collector/cache.go:38.67,40.2 1 1
github.com/umatare5/cisco-wnc-exporter/internal/collector/cache.go:44.67,47.12 2 1
github.com/umatare5/cisco-wnc-exporter/internal/collector/cache.go:47.12,50.3 2 1
github.com/umatare5/cisco-wnc-exporter/internal/collector/cache.go:53.2,56.29 3 1
github.com/umatare5/cisco-wnc-exporter/internal/collector/cache.go:56.29,57.27 1 1
github.com/umatare5/cisco-wnc-exporter/internal/collector/cache.go:57.27,59.4 1 1
github.com/umatare5/cisco-wnc-exporter/internal/collector/cache.go:59.9,61.4 1 1
github.com/umatare5/cisco-wnc-exporter/internal/collector/cache.go:65.2,65.40 1 1
github.com/umatare5/cisco-wnc-exporter/internal/collector/cache.go:65.40,67.3 1 1
github.com/umatare5/cisco-wnc-exporter/internal/collector/cache.go:70.2,70.26 1 1
github.com/umatare5/cisco-wnc-exporter/internal/collector/cache.go:70.26,71.81 1 1
github.com/umatare5/cisco-wnc-exporter/internal/collector/cache.go:71.81,73.4 1 1
github.com/umatare5/cisco-wnc-exporter/internal/collector/cache.go:74.3,74.17 1 1
github.com/umatare5/cisco-wnc-exporter/internal/collector/cache.go:74.17,75.45 1 1
github.com/umatare5/cisco-wnc-exporter/internal/collector/cache.go:75.45,77.5 1 1
github.com/umatare5/cisco-wnc-exporter/internal/collector/cache.go:83.50,90.2 3 1
github.com/umatare5/cisco-wnc-exporter/internal/collector/client.go:62.87,70.21 3 1
github.com/umatare5/cisco-wnc-exporter/internal/collector/client.go:70.21,91.3 4 1
github.com/umatare5/cisco-wnc-exporter/internal/collector/client.go:93.2,93.19 1 1
github.com/umatare5/cisco-wnc-exporter/internal/collector/client.go:93.19,125.3 6 1
github.com/umatare5/cisco-wnc-exporter/internal/collector/client.go:127.2,127.21 1 1
github.com/umatare5/cisco-wnc-exporter/internal/collector/client.go:127.21,148.3 4 1
github.com/umatare5/cisco-wnc-exporter/internal/collector/client.go:150.2,150.20 1 1
github.com/umatare5/cisco-wnc-exporter/internal/collector/client.go:150.20,206.3 11 1
github.com/umatare5/cisco-wnc-exporter/internal/collector/client.go:208.2,208.18 1 1
github.com/umatare5/cisco-wnc-exporter/internal/collector/client.go:208.18,220.3 3 1
github.com/umatare5/cisco-wnc-exporter/internal/collector/client.go:222.2,222.18 1 1
github.com/umatare5/cisco-wnc-exporter/internal/collector/client.go:225.57,227.2 1 1
github.com/umatare5/cisco-wnc-exporter/internal/collector/client.go:230.64,231.23 1 1
github.com/umatare5/cisco-wnc-exporter/internal/collector/client.go:231.23,236.3 4 1
github.com/umatare5/cisco-wnc-exporter/internal/collector/client.go:237.2,237.20 1 1
github.com/umatare5/cisco-wnc-exporter/internal/collector/client.go:237.20,239.3 1 1
github.com/umatare5/cisco-wnc-exporter/internal/collector/client.go:240.2,240.21 1 1
github.com/umatare5/cisco-wnc-exporter/internal/collector/client.go:240.21,247.3 6 1
github.com/umatare5/cisco-wnc-exporter/internal/collector/client.go:248.2,248.23 1 1
github.com/umatare5/cisco-wnc-exporter/internal/collector/client.go:248.23,253.3 4 1
github.com/umatare5/cisco-wnc-exporter/internal/collector/client.go:254.2,254.22 1 1
github.com/umatare5/cisco-wnc-exporter/internal/collector/client.go:254.22,266.3 11 1
github.com/umatare5/cisco-wnc-exporter/internal/collector/client.go:270.64,273.33 2 1
github.com/umatare5/cisco-wnc-exporter/internal/collector/client.go:273.33,275.3 1 1
github.com/umatare5/cisco-wnc-exporter/internal/collector/client.go:277.2,278.16 2 1
github.com/umatare5/cisco-wnc-exporter/internal/collector/client.go:278.16,281.3 2 1
github.com/umatare5/cisco-wnc-exporter/internal/collector/client.go:283.2,284.31 2 1
github.com/umatare5/cisco-wnc-exporter/internal/collector/client.go:284.31,286.17 2 1
github.com/umatare5/cisco-wnc-exporter/internal/collector/client.go:286.17,288.4 1 1
github.com/umatare5/cisco-wnc-exporter/internal/collector/client.go:289.3,289.41 1 1
github.com/umatare5/cisco-wnc-exporter/internal/collector/client.go:292.2,293.67 2 1
github.com/umatare5/cisco-wnc-exporter/internal/collector/client.go:293.67,295.17 2 1
github.com/umatare5/cisco-wnc-exporter/internal/collector/client.go:295.17,297.4 1 1
github.com/umatare5/cisco-wnc-exporter/internal/collector/client.go:298.3,298.38 1 1
github.com/umatare5/cisco-wnc-exporter/internal/collector/client.go:301.2,302.31 2 1
github.com/umatare5/cisco-wnc-exporter/internal/collector/client.go:302.31,304.17 2 1
github.com/umatare5/cisco-wnc-exporter/internal/collector/client.go:304.17,306.4 1 1
github.com/umatare5/cisco-wnc-exporter/internal/collector/client.go:307.3,307.37 1 1
github.com/umatare5/cisco-wnc-exporter/internal/collector/client.go:310.2,311.88 2 1
github.com/umatare5/cisco-wnc-exporter/internal/collector/client.go:311.88,313.17 2 1
github.com/umatare5/cisco-wnc-exporter/internal/collector/client.go:313.17,315.4 1 1
github.com/umatare5/cisco-wnc-exporter/internal/collector/client.go:316.3,316.45 1 1
github.com/umatare5/cisco-wnc-exporter/internal/collector/client.go:319.2,320.34 2 1
github.com/umatare5/cisco-wnc-exporter/internal/collector/client.go:320.34,322.17 2 1
github.com/umatare5/cisco-wnc-exporter/internal/collector/client.go:322.17,324.4 1 1
github.com/umatare5/cisco-wnc-exporter/internal/collector/client.go:325.3,325.47 1 1
github.com/umatare5/cisco-wnc-exporter/internal/collector/client.go:328.2,328.34 1 1
github.com/umatare5/cisco-wnc-exporter/internal/collector/client.go:328.34,332.46 1 1
github.com/umatare5/cisco-wnc-exporter/internal/collector/client.go:332.46,340.4 1 1
github.com/umatare5/cisco-wnc-exporter/internal/collector/client.go:342.3,342.38 1 1
github.com/umatare5/cisco-wnc-exporter/internal/collector/client.go:342.38,343.12 1 1
github.com/umatare5/cisco-wnc-exporter/internal/collector/client.go:345.3,345.24 1 1
github.com/umatare5/cisco-wnc-exporter/internal/collector/client.go:345.24,347.4 1 1
github.com/umatare5/cisco-wnc-exporter/internal/collector/client.go:348.3,348.22 1 1
github.com/umatare5/cisco-wnc-exporter/internal/collector/client.go:348.22,350.4 1 1
github.com/umatare5/cisco-wnc-exporter/internal/collector/client.go:351.3,351.24 1 1
github.com/umatare5/cisco-wnc-exporter/internal/collector/client.go:351.24,353.4 1 1
github.com/umatare5/cisco-wnc-exporter/internal/collector/client.go:354.3,354.23 1 1
github.com/umatare5/cisco-wnc-exporter/internal/collector/client.go:354.23,356.4 1 1
github.com/umatare5/cisco-wnc-exporter/internal/collector/client.go:357.3,357.21 1 1
github.com/umatare5/cisco-wnc-exporter/internal/collector/client.go:357.21,359.4 1 1
github.com/umatare5/cisco-wnc-exporter/internal/collector/client.go:370.3,378.47 3 1
github.com/umatare5/cisco-wnc-exporter/internal/collector/client.go:378.47,381.3 1 1
github.com/umatare5/cisco-wnc-exporter/internal/collector/client.go:382.2,382.46 1 1
github.com/umatare5/cisco-wnc-exporter/internal/collector/client.go:382.46,385.3 1 1
github.com/umatare5/cisco-wnc-exporter/internal/collector/client.go:386.2,386.51 1 1
github.com/umatare5/cisco-wnc-exporter/internal/collector/client.go:386.51,389.3 1 1
github.com/umatare5/cisco-wnc-exporter/internal/collector/client.go:391.2,391.33 1 1
github.com/umatare5/cisco-wnc-exporter/internal/collector/client.go:391.33,398.3 1 1
github.com/umatare5/cisco-wnc-exporter/internal/collector/client.go:407.3,414.47 3 1
github.com/umatare5/cisco-wnc-exporter/internal/collector/client.go:414.47,419.3 1 1
github.com/umatare5/cisco-wnc-exporter/internal/collector/client.go:420.2,420.51 1 1
github.com/umatare5/cisco-wnc-exporter/internal/collector/client.go:420.51,428.3 1 1
github.com/umatare5/cisco-wnc-exporter/internal/collector/client.go:430.2,430.33 1 1
github.com/umatare5/cisco-wnc-exporter/internal/collector/client.go:430.33,437.3 1 1
github.com/umatare5/cisco-wnc-exporter/internal/collector/client.go:445.3,450.9 2 1
github.com/umatare5/cisco-wnc-exporter/internal/collector/client.go:450.9,452.3 1 1
github.com/umatare5/cisco-wnc-exporter/internal/collector/client.go:454.2,463.33 3 1
github.com/umatare5/cisco-wnc-exporter/internal/collector/client.go:463.33,470.3 1 1
github.com/umatare5/cisco-wnc-exporter/internal/collector/client.go:478.3,480.9 2 1
github.com/umatare5/cisco-wnc-exporter/internal/collector/client.go:480.9,482.3 1 1
github.com/umatare5/cisco-wnc-exporter/internal/collector/client.go:484.2,500.33 3 1
github.com/umatare5/cisco-wnc-exporter/internal/collector/client.go:500.33,507.3 1 1
github.com/umatare5/cisco-wnc-exporter/internal/collector/client.go:517.3,528.41 8 1
github.com/umatare5/cisco-wnc-exporter/internal/collector/client.go:528.41,529.16 1 1
github.com/umatare5/cisco-wnc-exporter/internal/collector/client.go:530.17,531.30 1 1
github.com/umatare5/cisco-wnc-exporter/internal/collector/client.go:532.16,533.27 1 1
github.com/umatare5/cisco-wnc-exporter/internal/collector/client.go:534.18,535.20 1 1
github.com/umatare5/cisco-wnc-exporter/internal/collector/client.go:536.18,537.20 1 1
github.com/umatare5/cisco-wnc-exporter/internal/collector/client.go:538.18,539.20 1 1
github.com/umatare5/cisco-wnc-exporter/internal/collector/client.go:540.22,541.29 1 1
github.com/umatare5/cisco-wnc-exporter/internal/collector/client.go:542.18,543.20 1 1
github.com/umatare5/cisco-wnc-exporter/internal/collector/client.go:544.18,545.20 1 1
github.com/umatare5/cisco-wnc-exporter/internal/collector/client.go:546.11,547.18 1 0
github.com/umatare5/cisco-wnc-exporter/internal/collector/client.go:551.2,556.3 1 1
github.com/umatare5/cisco-wnc-exporter/internal/collector/client.go:559.74,561.36 2 1
github.com/umatare5/cisco-wnc-exporter/internal/collector/client.go:561.36,562.29 1 1
github.com/umatare5/cisco-wnc-exporter/internal/collector/client.go:562.29,564.4 1 1
github.com/umatare5/cisco-wnc-exporter/internal/collector/client.go:566.2,566.18 1 1
github.com/umatare5/cisco-wnc-exporter/internal/collector/client.go:569.86,571.34 2 1
github.com/umatare5/cisco-wnc-exporter/internal/collector/client.go:571.34,572.31 1 1
github.com/umatare5/cisco-wnc-exporter/internal/collector/client.go:572.31,574.4 1 1
github.com/umatare5/cisco-wnc-exporter/internal/collector/client.go:576.2,576.17 1 1
github.com/umatare5/cisco-wnc-exporter/internal/collector/client.go:579.78,581.34 2 1
github.com/umatare5/cisco-wnc-exporter/internal/collector/client.go:581.34,582.25 1 1
github.com/umatare5/cisco-wnc-exporter/internal/collector/client.go:582.25,584.4 1 1
github.com/umatare5/cisco-wnc-exporter/internal/collector/client.go:586.2,586.16 1 1
github.com/umatare5/cisco-wnc-exporter/internal/collector/client.go:589.89,591.39 2 1
github.com/umatare5/cisco-wnc-exporter/internal/collector/client.go:591.39,592.33 1 1
github.com/umatare5/cisco-wnc-exporter/internal/collector/client.go:592.33,594.4 1 1
github.com/umatare5/cisco-wnc-exporter/internal/collector/client.go:596.2,596.19 1 1
github.com/umatare5/cisco-wnc-exporter/internal/collector/client.go:599.100,601.40 2 1
github.com/umatare5/cisco-wnc-exporter/internal/collector/client.go:601.40,602.31 1 1
github.com/umatare5/cisco-wnc-exporter/internal/collector/client.go:602.31,604.4 1 1
github.com/umatare5/cisco-wnc-exporter/internal/collector/client.go:606.2,606.20 1 1
github.com/umatare5/cisco-wnc-exporter/internal/collector/client.go:610.94,611.38 1 1
github.com/umatare5/cisco-wnc-exporter/internal/collector/client.go:611.38,613.3 1 1
github.com/umatare5/cisco-wnc-exporter/internal/collector/client.go:614.2,614.11 1 1
github.com/umatare5/cisco-wnc-exporter/internal/collector/client.go:618.58,619.41 1 1
github.com/umatare5/cisco-wnc-exporter/internal/collector/client.go:619.41,621.3 1 1
github.com/umatare5/cisco-wnc-exporter/internal/collector/client.go:622.2,622.11 1 1
github.com/umatare5/cisco-wnc-exporter/internal/collector/client.go:626.58,627.47 1 1
github.com/umatare5/cisco-wnc-exporter/internal/collector/client.go:627.47,629.69 1 1
github.com/umatare5/cisco-wnc-exporter/internal/collector/client.go:629.69,631.4 1 1
github.com/umatare5/cisco-wnc-exporter/internal/collector/client.go:633.2,633.11 1 1
github.com/umatare5/cisco-wnc-exporter/internal/collector/client.go:637.105,640.91 2 1
github.com/umatare5/cisco-wnc-exporter/internal/collector/client.go:640.91,644.3 2 1
github.com/umatare5/cisco-wnc-exporter/internal/collector/client.go:645.2,645.12 1 1
github.com/umatare5/cisco-wnc-exporter/internal/collector/client.go:649.44,650.23 1 1
github.com/umatare5/cisco-wnc-exporter/internal/collector/client.go:650.23,652.3 1 1
github.com/umatare5/cisco-wnc-exporter/internal/collector/client.go:654.2,654.41 1 1
github.com/umatare5/cisco-wnc-exporter/internal/collector/client.go:654.41,658.51 3 1
github.com/umatare5/cisco-wnc-exporter/internal/collector/client.go:658.51,660.4 1 1
github.com/umatare5/cisco-wnc-exporter/internal/collector/client.go:663.2,663.11 1 1
github.com/umatare5/cisco-wnc-exporter/internal/collector/collector.go:34.50,42.2 2 1
github.com/umatare5/cisco-wnc-exporter/internal/collector/collector.go:45.53,47.2 1 1
github.com/umatare5/cisco-wnc-exporter/internal/collector/collector.go:50.43,54.2 3 1
github.com/umatare5/cisco-wnc-exporter/internal/collector/collector.go:57.55,67.2 3 1
github.com/umatare5/cisco-wnc-exporter/internal/collector/collector.go:70.48,71.47 1 1
github.com/umatare5/cisco-wnc-exporter/internal/collector/collector.go:71.47,74.3 2 1
github.com/umatare5/cisco-wnc-exporter/internal/collector/collector.go:75.2,75.52 1 1
github.com/umatare5/cisco-wnc-exporter/internal/collector/collector.go:75.52,78.3 2 1
github.com/umatare5/cisco-wnc-exporter/internal/collector/collector.go:82.49,92.4 2 1
github.com/umatare5/cisco-wnc-exporter/internal/collector/collector.go:92.4,98.3 5 1
github.com/umatare5/cisco-wnc-exporter/internal/collector/collector.go:98.8,100.3 1 1
github.com/umatare5/cisco-wnc-exporter/internal/collector/collector.go:103.2,108.4 1 1
github.com/umatare5/cisco-wnc-exporter/internal/collector/collector.go:108.4,113.3 4 1
github.com/umatare5/cisco-wnc-exporter/internal/collector/collector.go:113.8,115.3 1 1
github.com/umatare5/cisco-wnc-exporter/internal/collector/collector.go:118.2,124.4 1 1
github.com/umatare5/cisco-wnc-exporter/internal/collector/collector.go:124.4,128.3 3 1
github.com/umatare5/cisco-wnc-exporter/internal/collector/collector.go:128.8,130.3 1 1
github.com/umatare5/cisco-wnc-exporter/internal/collector/collector.go:133.2,133.16 1 1
github.com/umatare5/cisco-wnc-exporter/internal/collector/collector.go:133.16,135.3 1 1
github.com/umatare5/cisco-wnc-exporter/internal/collector/collector.go:139.48,141.9 2 1
github.com/umatare5/cisco-wnc-exporter/internal/collector/collector.go:141.9,144.3 2 0
github.com/umatare5/cisco-wnc-exporter/internal/collector/collector.go:146.2,147.44 2 1
github.com/umatare5/cisco-wnc-exporter/internal/collector/collector.go:151.120,165.30 3 1
github.com/umatare5/cisco-wnc-exporter/internal/collector/collector.go:165.30,167.3 1 0
github.com/umatare5/cisco-wnc-exporter/internal/collector/collector.go:169.2,170.39 2 1
github.com/umatare5/cisco-wnc-exporter/internal/collector/collector.go:174.101,187.32 3 1
github.com/umatare5/cisco-wnc-exporter/internal/collector/collector.go:187.32,189.3 1 0
github.com/umatare5/cisco-wnc-exporter/internal/collector/collector.go:191.2,192.41 2 1
github.com/umatare5/cisco-wnc-exporter/internal/collector/collector.go:196.76,210.34 3 1
github.com/umatare5/cisco-wnc-exporter/internal/collector/collector.go:210.34,212.3 1 0
github.com/umatare5/cisco-wnc-exporter/internal/collector/collector.go:214.2,215.43 2 1
github.com/umatare5/cisco-wnc-exporter/internal/collector/refresh.go:26.69,62.2 2 1
github.com/umatare5/cisco-wnc-exporter/internal/collector/refresh.go:65.65,71.2 5 1
github.com/umatare5/cisco-wnc-exporter/internal/collector/refresh.go:77.65,84.21 3 1
github.com/umatare5/cisco-wnc-exporter/internal/collector/refresh.go:84.21,87.3 1 1
github.com/umatare5/cisco-wnc-exporter/internal/collector/refresh.go:88.2,88.33 1 1
github.com/umatare5/cisco-wnc-exporter/internal/collector/refresh.go:88.33,93.3 1 1
github.com/umatare5/cisco-wnc-exporter/internal/collector/refresh.go:95.2,95.40 1 1
github.com/umatare5/cisco-wnc-exporter/internal/collector/refresh.go:95.40,97.3 1 1
github.com/umatare5/cisco-wnc-exporter/internal/collector/refresh.go:98.2,98.39 1 1
github.com/umatare5/cisco-wnc-exporter/internal/collector/refresh.go:98.39,100.3 1 1
github.com/umatare5/cisco-wnc-exporter/internal/collector/safe.go:20.78,25.2 1 1
github.com/umatare5/cisco-wnc-exporter/internal/collector/safe.go:28.62,30.2 1 1
github.com/umatare5/cisco-wnc-exporter/internal/collector/safe.go:34.62,35.15 1 1
github.com/umatare5/cisco-wnc-exporter/internal/collector/safe.go:35.15,36.31 1 1
github.com/umatare5/cisco-wnc-exporter/internal/collector/safe.go:36.31,43.4 1 1
github.com/umatare5/cisco-wnc-exporter/internal/collector/safe.go:46.2,46.20 1 1
github.com/umatare5/cisco-wnc-exporter/internal/collector/utils.go:40.70,41.9 1 1
github.com/umatare5/cisco-wnc-exporter/internal/collector/utils.go:42.44,43.20 1 1
github.com/umatare5/cisco-wnc-exporter/internal/collector/utils.go:44.44,45.20 1 1
github.com/umatare5/cisco-wnc-exporter/internal/collector/utils.go:46.44,47.20 1 1
github.com/umatare5/cisco-wnc-exporter/internal/collector/utils.go:48.43,49.19 1 1
github.com/umatare5/cisco-wnc-exporter/internal/collector/utils.go:52.34,53.21 1 1
github.com/umatare5/cisco-wnc-exporter/internal/collector/utils.go:54.34,55.21 1 1
github.com/umatare5/cisco-wnc-exporter/internal/collector/utils.go:56.34,57.21 1 1
github.com/umatare5/cisco-wnc-exporter/internal/collector/utils.go:58.41,62.21 1 1
github.com/umatare5/cisco-wnc-exporter/internal/collector/utils.go:63.10,64.25 1 1
github.com/umatare5/cisco-wnc-exporter/internal/collector/utils.go:68.42,69.17 1 1
github.com/umatare5/cisco-wnc-exporter/internal/collector/utils.go:69.17,71.3 1 1
github.com/umatare5/cisco-wnc-exporter/internal/collector/utils.go:72.2,72.65 1 1
github.com/umatare5/cisco-wnc-exporter/internal/collector/utils.go:72.65,74.3 1 1
github.com/umatare5/cisco-wnc-exporter/internal/collector/utils.go:75.2,75.10 1 1
github.com/umatare5/cisco-wnc-exporter/internal/collector/utils.go:78.36,79.7 1 1
github.com/umatare5/cisco-wnc-exporter/internal/collector/utils.go:79.7,81.3 1 1
github.com/umatare5/cisco-wnc-exporter/internal/collector/utils.go:82.2,82.12 1 1
github.com/umatare5/cisco-wnc-exporter/internal/collector/utils.go:86.91,90.40 3 1
github.com/umatare5/cisco-wnc-exporter/internal/collector/utils.go:90.40,91.82 1 1
github.com/umatare5/cisco-wnc-exporter/internal/collector/utils.go:91.82,93.4 1 1
github.com/umatare5/cisco-wnc-exporter/internal/collector/utils.go:96.2,96.15 1 1
github.com/umatare5/cisco-wnc-exporter/internal/collector/utils.go:100.36,101.32 1 1
github.com/umatare5/cisco-wnc-exporter/internal/collector/utils.go:101.32,102.14 1 1
github.com/umatare5/cisco-wnc-exporter/internal/collector/utils.go:102.14,104.4 1 1
github.com/umatare5/cisco-wnc-exporter/internal/collector/utils.go:106.2,106.14 1 1
github.com/umatare5/cisco-wnc-exporter/internal/collector/wlan.go:51.107,60.21 3 1
github.com/umatare5/cisco-wnc-exporter/internal/collector/wlan.go:60.21,66.3 1 1
github.com/umatare5/cisco-wnc-exporter/internal/collector/wlan.go:68.2,68.21 1 1
github.com/umatare5/cisco-wnc-exporter/internal/collector/wlan.go:68.21,74.3 1 1
github.com/umatare5/cisco-wnc-exporter/internal/collector/wlan.go:76.2,76.20 1 1
github.com/umatare5/cisco-wnc-exporter/internal/collector/wlan.go:76.20,142.3 13 1
github.com/umatare5/cisco-wnc-exporter/internal/collector/wlan.go:144.2,144.18 1 1
github.com/umatare5/cisco-wnc-exporter/internal/collector/wlan.go:144.18,154.3 5 1
github.com/umatare5/cisco-wnc-exporter/internal/collector/wlan.go:156.2,156.18 1 1
github.com/umatare5/cisco-wnc-exporter/internal/collector/wlan.go:160.62,161.23 1 1
github.com/umatare5/cisco-wnc-exporter/internal/collector/wlan.go:161.23,163.3 1 1
github.com/umatare5/cisco-wnc-exporter/internal/collector/wlan.go:164.2,164.23 1 1
github.com/umatare5/cisco-wnc-exporter/internal/collector/wlan.go:164.23,166.3 1 1
github.com/umatare5/cisco-wnc-exporter/internal/collector/wlan.go:167.2,167.22 1 1
github.com/umatare5/cisco-wnc-exporter/internal/collector/wlan.go:167.22,181.3 13 1
github.com/umatare5/cisco-wnc-exporter/internal/collector/wlan.go:182.2,182.20 1 1
github.com/umatare5/cisco-wnc-exporter/internal/collector/wlan.go:182.20,184.3 1 1
github.com/umatare5/cisco-wnc-exporter/internal/collector/wlan.go:188.62,191.33 2 1
github.com/umatare5/cisco-wnc-exporter/internal/collector/wlan.go:191.33,193.3 1 1
github.com/umatare5/cisco-wnc-exporter/internal/collector/wlan.go:195.2,196.16 2 1
github.com/umatare5/cisco-wnc-exporter/internal/collector/wlan.go:196.16,199.3 2 1
github.com/umatare5/cisco-wnc-exporter/internal/collector/wlan.go:201.2,202.33 2 1
github.com/umatare5/cisco-wnc-exporter/internal/collector/wlan.go:202.33,204.23 2 1
github.com/umatare5/cisco-wnc-exporter/internal/collector/wlan.go:204.23,206.4 1 1
github.com/umatare5/cisco-wnc-exporter/internal/collector/wlan.go:208.3,209.21 2 1
github.com/umatare5/cisco-wnc-exporter/internal/collector/wlan.go:209.21,211.4 1 1
github.com/umatare5/cisco-wnc-exporter/internal/collector/wlan.go:216.3,216.41 1 1
github.com/umatare5/cisco-wnc-exporter/internal/collector/wlan.go:216.41,218.4 1 1
github.com/umatare5/cisco-wnc-exporter/internal/collector/wlan.go:221.2,222.34 2 1
github.com/umatare5/cisco-wnc-exporter/internal/collector/wlan.go:222.34,224.23 2 1
github.com/umatare5/cisco-wnc-exporter/internal/collector/wlan.go:224.23,226.4 1 1
github.com/umatare5/cisco-wnc-exporter/internal/collector/wlan.go:228.3,228.23 1 1
github.com/umatare5/cisco-wnc-exporter/internal/collector/wlan.go:228.23,230.4 1 1
github.com/umatare5/cisco-wnc-exporter/internal/collector/wlan.go:233.2,233.42 1 1
github.com/umatare5/cisco-wnc-exporter/internal/collector/wlan.go:233.42,234.24 1 1
github.com/umatare5/cisco-wnc-exporter/internal/collector/wlan.go:234.24,236.4 1 1
github.com/umatare5/cisco-wnc-exporter/internal/collector/wlan.go:237.3,237.24 1 1
github.com/umatare5/cisco-wnc-exporter/internal/collector/wlan.go:237.24,239.4 1 1
github.com/umatare5/cisco-wnc-exporter/internal/collector/wlan.go:240.3,240.23 1 1
github.com/umatare5/cisco-wnc-exporter/internal/collector/wlan.go:240.23,242.4 1 1
github.com/umatare5/cisco-wnc-exporter/internal/collector/wlan.go:243.3,243.21 1 1
github.com/umatare5/cisco-wnc-exporter/internal/collector/wlan.go:243.21,245.4 1 1
github.com/umatare5/cisco-wnc-exporter/internal/collector/wlan.go:253.3,260.33 3 1
github.com/umatare5/cisco-wnc-exporter/internal/collector/wlan.go:260.33,267.3 1 1
github.com/umatare5/cisco-wnc-exporter/internal/collector/wlan.go:275.3,278.25 1 1
github.com/umatare5/cisco-wnc-exporter/internal/collector/wlan.go:278.25,280.3 1 1
github.com/umatare5/cisco-wnc-exporter/internal/collector/wlan.go:282.2,290.3 3 1
github.com/umatare5/cisco-wnc-exporter/internal/collector/wlan.go:302.3,320.53 3 1
github.com/umatare5/cisco-wnc-exporter/internal/collector/wlan.go:320.53,328.3 1 1
github.com/umatare5/cisco-wnc-exporter/internal/collector/wlan.go:330.2,330.33 1 1
github.com/umatare5/cisco-wnc-exporter/internal/collector/wlan.go:330.33,337.3 1 1
github.com/umatare5/cisco-wnc-exporter/internal/collector/wlan.go:344.3,357.2 4 1
github.com/umatare5/cisco-wnc-exporter/internal/collector/wlan.go:360.94,363.23 2 1
github.com/umatare5/cisco-wnc-exporter/internal/collector/wlan.go:363.23,365.3 1 1
github.com/umatare5/cisco-wnc-exporter/internal/collector/wlan.go:367.2,367.40 1 1
github.com/umatare5/cisco-wnc-exporter/internal/collector/wlan.go:367.40,368.44 1 1
github.com/umatare5/cisco-wnc-exporter/internal/collector/wlan.go:368.44,369.12 1 1
github.com/umatare5/cisco-wnc-exporter/internal/collector/wlan.go:372.3,377.28 4 1
github.com/umatare5/cisco-wnc-exporter/internal/collector/wlan.go:380.2,380.18 1 1
github.com/umatare5/cisco-wnc-exporter/internal/collector/wlan.go:384.76,393.35 4 1
github.com/umatare5/cisco-wnc-exporter/internal/collector/wlan.go:393.35,394.47 1 1
github.com/umatare5/cisco-wnc-exporter/internal/collector/wlan.go:394.47,396.4 1 1
github.com/umatare5/cisco-wnc-exporter/internal/collector/wlan.go:396.9,398.4 1 1
github.com/umatare5/cisco-wnc-exporter/internal/collector/wlan.go:401.2,401.15 1 1
github.com/umatare5/cisco-wnc-exporter/internal/collector/wlan.go:408.31,411.30 2 1
github.com/umatare5/cisco-wnc-exporter/internal/collector/wlan.go:411.30,414.3 2 1
github.com/umatare5/cisco-wnc-exporter/internal/collector/wlan.go:417.2,418.42 2 1
github.com/umatare5/cisco-wnc-exporter/internal/collector/wlan.go:418.42,419.32 1 1
github.com/umatare5/cisco-wnc-exporter/internal/collector/wlan.go:419.32,420.58 1 1
github.com/umatare5/cisco-wnc-exporter/internal/collector/wlan.go:420.58,421.71 1 1
github.com/umatare5/cisco-wnc-exporter/internal/collector/wlan.go:421.71,423.6 1 1
github.com/umatare5/cisco-wnc-exporter/internal/collector/wlan.go:428.2,428.24 1 1
github.com/umatare5/cisco-wnc-exporter/internal/collector/wlan.go:432.66,433.72 1 1
github.com/umatare5/cisco-wnc-exporter/internal/collector/wlan.go:433.72,435.3 1 1
github.com/umatare5/cisco-wnc-exporter/internal/collector/wlan.go:436.2,436.10 1 1
github.com/umatare5/cisco-wnc-exporter/internal/collector/wlan.go:440.60,441.72 1 1
github.com/umatare5/cisco-wnc-exporter/internal/collector/wlan.go:441.72,443.3 1 1
github.com/umatare5/cisco-wnc-exporter/internal/collector/wlan.go:444.2,444.30 1 1
github.com/umatare5/cisco-wnc-exporter/internal/collector/wlan.go:448.59,449.48 1 1
github.com/umatare5/cisco-wnc-exporter/internal/collector/wlan.go:449.48,451.3 1 1
github.com/umatare5/cisco-wnc-exporter/internal/collector/wlan.go:452.2,452.10 1 1
github.com/umatare5/cisco-wnc-exporter/internal/collector/wlan.go:455.70,456.56 1 1
github.com/umatare5/cisco-wnc-exporter/internal/collector/wlan.go:456.56,458.3 1 1
github.com/umatare5/cisco-wnc-exporter/internal/collector/wlan.go:459.2,459.10 1 1
github.com/umatare5/cisco-wnc-exporter/internal/collector/wlan.go:462.75,463.56 1 1
github.com/umatare5/cisco-wnc-exporter/internal/collector/wlan.go:463.56,465.3 1 1
github.com/umatare5/cisco-wnc-exporter/internal/collector/wlan.go:466.2,466.10 1 1
github.com/umatare5/cisco-wnc-exporter/internal/collector/wlan.go:469.65,470.56 1 1
github.com/umatare5/cisco-wnc-exporter/internal/collector/wlan.go:470.56,472.3 1 1
github.com/umatare5/cisco-wnc-exporter/internal/collector/wlan.go:473.2,473.10 1 1
github.com/umatare5/cisco-wnc-exporter/internal/collector/wlan.go:476.72,477.56 1 1
github.com/umatare5/cisco-wnc-exporter/internal/collector/wlan.go:477.56,479.3 1 1
github.com/umatare5/cisco-wnc-exporter/internal/collector/wlan.go:480.2,480.10 1 1
github.com/umatare5/cisco-wnc-exporter/internal/collector/wlan.go:483.55,485.2 1 1
github.com/umatare5/cisco-wnc-exporter/internal/config/config.go:128.47,179.39 2 0
github.com/umatare5/cisco-wnc-exporter/internal/config/config.go:179.39,181.3 1 0
github.com/umatare5/cisco-wnc-exporter/internal/config/config.go:183.2,183.17 1 0
github.com/umatare5/cisco-wnc-exporter/internal/config/config.go:187.35,229.39 2 1
github.com/umatare5/cisco-wnc-exporter/internal/config/config.go:229.39,230.21 1 1
github.com/umatare5/cisco-wnc-exporter/internal/config/config.go:230.21,232.4 1 1
github.com/umatare5/cisco-wnc-exporter/internal/config/config.go:236.2,236.56 1 1
github.com/umatare5/cisco-wnc-exporter/internal/config/config.go:236.56,238.3 1 1
github.com/umatare5/cisco-wnc-exporter/internal/config/config.go:240.2,240.12 1 1
github.com/umatare5/cisco-wnc-exporter/internal/config/config.go:244.40,245.38 1 1
github.com/umatare5/cisco-wnc-exporter/internal/config/config.go:246.15,247.25 1 1
github.com/umatare5/cisco-wnc-exporter/internal/config/config.go:248.14,249.24 1 1
github.com/umatare5/cisco-wnc-exporter/internal/config/config.go:250.14,251.24 1 1
github.com/umatare5/cisco-wnc-exporter/internal/config/config.go:252.15,253.25 1 1
github.com/umatare5/cisco-wnc-exporter/internal/config/config.go:254.10,255.24 1 1
github.com/umatare5/cisco-wnc-exporter/internal/config/config.go:260.41,263.2 2 1
github.com/umatare5/cisco-wnc-exporter/internal/config/config.go:266.43,269.2 2 1
github.com/umatare5/cisco-wnc-exporter/internal/config/config.go:272.49,274.2 1 1
github.com/umatare5/cisco-wnc-exporter/internal/config/config.go:277.49,279.31 2 1
github.com/umatare5/cisco-wnc-exporter/internal/config/config.go:279.31,281.3 1 1
github.com/umatare5/cisco-wnc-exporter/internal/config/config.go:282.2,282.15 1 1
github.com/umatare5/cisco-wnc-exporter/internal/config/config.go:286.51,287.21 1 1
github.com/umatare5/cisco-wnc-exporter/internal/config/config.go:287.21,289.3 1 1
github.com/umatare5/cisco-wnc-exporter/internal/config/config.go:291.2,294.68 2 1
github.com/umatare5/cisco-wnc-exporter/internal/config/config.go:294.68,295.34 1 1
github.com/umatare5/cisco-wnc-exporter/internal/config/config.go:295.34,297.4 1 1
github.com/umatare5/cisco-wnc-exporter/internal/config/config.go:299.2,299.15 1 1
github.com/umatare5/cisco-wnc-exporter/internal/config/config.go:303.55,304.21 1 1
github.com/umatare5/cisco-wnc-exporter/internal/config/config.go:304.21,306.3 1 1
github.com/umatare5/cisco-wnc-exporter/internal/config/config.go:308.2,311.72 2 1
github.com/umatare5/cisco-wnc-exporter/internal/config/config.go:311.72,312.34 1 1
github.com/umatare5/cisco-wnc-exporter/internal/config/config.go:312.34,314.4 1 1
github.com/umatare5/cisco-wnc-exporter/internal/config/config.go:316.2,316.15 1 1
github.com/umatare5/cisco-wnc-exporter/internal/config/config.go:320.53,321.21 1 1
github.com/umatare5/cisco-wnc-exporter/internal/config/config.go:321.21,323.3 1 1
github.com/umatare5/cisco-wnc-exporter/internal/config/config.go:325.2,328.70 2 1
github.com/umatare5/cisco-wnc-exporter/internal/config/config.go:328.70,329.34 1 1
github.com/umatare5/cisco-wnc-exporter/internal/config/config.go:329.34,331.4 1 1
github.com/umatare5/cisco-wnc-exporter/internal/config/config.go:333.2,333.15 1 1
github.com/umatare5/cisco-wnc-exporter/internal/config/config.go:337.54,339.26 1 1
github.com/umatare5/cisco-wnc-exporter/internal/config/config.go:339.26,343.69 2 1
github.com/umatare5/cisco-wnc-exporter/internal/config/config.go:343.69,344.55 1 1
github.com/umatare5/cisco-wnc-exporter/internal/config/config.go:344.55,346.5 1 1
github.com/umatare5/cisco-wnc-exporter/internal/config/config.go:350.3,350.52 1 1
github.com/umatare5/cisco-wnc-exporter/internal/config/config.go:350.52,351.43 1 1
github.com/umatare5/cisco-wnc-exporter/internal/config/config.go:351.43,357.5 1 1
github.com/umatare5/cisco-wnc-exporter/internal/config/config.go:362.2,362.30 1 1
github.com/umatare5/cisco-wnc-exporter/internal/config/config.go:362.30,366.73 2 1
github.com/umatare5/cisco-wnc-exporter/internal/config/config.go:366.73,367.59 1 1
github.com/umatare5/cisco-wnc-exporter/internal/config/config.go:367.59,369.5 1 1
github.com/umatare5/cisco-wnc-exporter/internal/config/config.go:373.3,373.56 1 1
github.com/umatare5/cisco-wnc-exporter/internal/config/config.go:373.56,374.47 1 1
github.com/umatare5/cisco-wnc-exporter/internal/config/config.go:374.47,380.5 1 1
github.com/umatare5/cisco-wnc-exporter/internal/config/config.go:385.2,385.28 1 1
github.com/umatare5/cisco-wnc-exporter/internal/config/config.go:385.28,389.71 2 1
github.com/umatare5/cisco-wnc-exporter/internal/config/config.go:389.71,390.57 1 1
github.com/umatare5/cisco-wnc-exporter/internal/config/config.go:390.57,392.5 1 1
github.com/umatare5/cisco-wnc-exporter/internal/config/config.go:396.3,396.54 1 1
github.com/umatare5/cisco-wnc-exporter/internal/config/config.go:396.54,397.45 1 1
github.com/umatare5/cisco-wnc-exporter/internal/config/config.go:397.45,403.5 1 1
github.com/umatare5/cisco-wnc-exporter/internal/config/config.go:407.2,407.12 1 1
github.com/umatare5/cisco-wnc-exporter/internal/log/logger.go:13.41,20.37 3 1
github.com/umatare5/cisco-wnc-exporter/internal/log/logger.go:21.14,22.49 1 1
github.com/umatare5/cisco-wnc-exporter/internal/log/logger.go:23.14,24.49 1 1
github.com/umatare5/cisco-wnc-exporter/internal/log/logger.go:25.10,26.49 1 1
github.com/umatare5/cisco-wnc-exporter/internal/log/logger.go:29.2,29.26 1 1
github.com/umatare5/cisco-wnc-exporter/internal/log/logger.go:33.45,34.32 1 1
github.com/umatare5/cisco-wnc-exporter/internal/log/logger.go:35.15,36.25 1 1
github.com/umatare5/cisco-wnc-exporter/internal/log/logger.go:37.14,38.24 1 1
github.com/umatare5/cisco-wnc-exporter/internal/log/logger.go:39.25,40.24 1 1
github.com/umatare5/cisco-wnc-exporter/internal/log/logger.go:41.15,42.25 1 1
github.com/umatare5/cisco-wnc-exporter/internal/log/logger.go:43.10,44.24 1 1
github.com/umatare5/cisco-wnc-exporter/cmd/main.go:9.13,11.2 1 1
github.com/umatare5/cisco-wnc-exporter/internal/wnc/ap.go:27.56,31.2 1 1
github.com/umatare5/cisco-wnc-exporter/internal/wnc/ap.go:34.80,36.16 2 1
github.com/umatare5/cisco-wnc-exporter/internal/wnc/ap.go:36.16,38.3 1 1
github.com/umatare5/cisco-wnc-exporter/internal/wnc/ap.go:39.2,39.29 1 1
github.com/umatare5/cisco-wnc-exporter/internal/wnc/ap.go:43.78,45.16 2 1
github.com/umatare5/cisco-wnc-exporter/internal/wnc/ap.go:45.16,47.3 1 1
github.com/umatare5/cisco-wnc-exporter/internal/wnc/ap.go:48.2,48.29 1 1
github.com/umatare5/cisco-wnc-exporter/internal/wnc/ap.go:52.82,54.16 2 1
github.com/umatare5/cisco-wnc-exporter/internal/wnc/ap.go:54.16,56.3 1 1
github.com/umatare5/cisco-wnc-exporter/internal/wnc/ap.go:57.2,57.32 1 1
github.com/umatare5/cisco-wnc-exporter/internal/wnc/ap.go:61.88,63.16 2 1
github.com/umatare5/cisco-wnc-exporter/internal/wnc/ap.go:63.16,65.3 1 1
github.com/umatare5/cisco-wnc-exporter/internal/wnc/ap.go:66.2,66.33 1 1
github.com/umatare5/cisco-wnc-exporter/internal/wnc/ap.go:70.90,72.16 2 1
github.com/umatare5/cisco-wnc-exporter/internal/wnc/ap.go:72.16,74.3 1 1
github.com/umatare5/cisco-wnc-exporter/internal/wnc/ap.go:75.2,75.34 1 1
github.com/umatare5/cisco-wnc-exporter/internal/wnc/ap.go:79.84,81.16 2 1
github.com/umatare5/cisco-wnc-exporter/internal/wnc/ap.go:81.16,83.3 1 1
github.com/umatare5/cisco-wnc-exporter/internal/wnc/ap.go:84.2,84.30 1 1
github.com/umatare5/cisco-wnc-exporter/internal/wnc/cache.go:146.47,155.37 2 1
github.com/umatare5/cisco-wnc-exporter/internal/wnc/cache.go:155.37,157.3 1 1
github.com/umatare5/cisco-wnc-exporter/internal/wnc/cache.go:159.2,160.10 2 1
github.com/umatare5/cisco-wnc-exporter/internal/wnc/cache.go:166.86,168.16 2 1
github.com/umatare5/cisco-wnc-exporter/internal/wnc/cache.go:168.16,170.3 1 1
github.com/umatare5/cisco-wnc-exporter/internal/wnc/cache.go:171.2,171.45 1 1
github.com/umatare5/cisco-wnc-exporter/internal/wnc/cache.go:171.45,173.3 1 1
github.com/umatare5/cisco-wnc-exporter/internal/wnc/cache.go:174.2,174.18 1 1
github.com/umatare5/cisco-wnc-exporter/internal/wnc/cache.go:179.78,181.17 2 1
github.com/umatare5/cisco-wnc-exporter/internal/wnc/cache.go:181.17,183.3 1 1
github.com/umatare5/cisco-wnc-exporter/internal/wnc/cache.go:184.2,184.14 1 1
github.com/umatare5/cisco-wnc-exporter/internal/wnc/cache.go:184.14,187.3 1 1
github.com/umatare5/cisco-wnc-exporter/internal/wnc/cache.go:188.2,188.18 1 1
github.com/umatare5/cisco-wnc-exporter/internal/wnc/cache.go:194.68,197.2 2 1
github.com/umatare5/cisco-wnc-exporter/internal/wnc/cache.go:200.43,213.17 5 1
github.com/umatare5/cisco-wnc-exporter/internal/wnc/cache.go:213.17,215.3 1 1
github.com/umatare5/cisco-wnc-exporter/internal/wnc/cache.go:216.2,216.11 1 1
github.com/umatare5/cisco-wnc-exporter/internal/wnc/cache.go:221.70,222.16 1 1
github.com/umatare5/cisco-wnc-exporter/internal/wnc/cache.go:222.16,225.3 2 1
github.com/umatare5/cisco-wnc-exporter/internal/wnc/cache.go:227.2,228.40 2 1
github.com/umatare5/cisco-wnc-exporter/internal/wnc/cache.go:228.40,230.3 1 1
github.com/umatare5/cisco-wnc-exporter/internal/wnc/cache.go:234.101,238.32 3 1
github.com/umatare5/cisco-wnc-exporter/internal/wnc/cache.go:238.32,240.3 1 1
github.com/umatare5/cisco-wnc-exporter/internal/wnc/cache.go:242.2,245.43 4 1
github.com/umatare5/cisco-wnc-exporter/internal/wnc/cache.go:248.79,262.33 8 1
github.com/umatare5/cisco-wnc-exporter/internal/wnc/cache.go:262.33,266.41 1 1
github.com/umatare5/cisco-wnc-exporter/internal/wnc/cache.go:266.41,271.12 5 1
github.com/umatare5/cisco-wnc-exporter/internal/wnc/cache.go:274.3,276.17 3 1
github.com/umatare5/cisco-wnc-exporter/internal/wnc/cache.go:276.17,280.4 3 1
github.com/umatare5/cisco-wnc-exporter/internal/wnc/cache.go:280.9,282.4 1 1
github.com/umatare5/cisco-wnc-exporter/internal/wnc/cache.go:283.3,284.55 1 1
github.com/umatare5/cisco-wnc-exporter/internal/wnc/cache.go:287.2,289.23 2 1
github.com/umatare5/cisco-wnc-exporter/internal/wnc/cache.go:289.23,293.3 1 1
github.com/umatare5/cisco-wnc-exporter/internal/wnc/cache.go:295.2,295.41 1 1
github.com/umatare5/cisco-wnc-exporter/internal/wnc/cache.go:295.41,297.3 1 1
github.com/umatare5/cisco-wnc-exporter/internal/wnc/cache.go:299.2,299.18 1 1
github.com/umatare5/cisco-wnc-exporter/internal/wnc/client.go:27.64,31.2 1 1
github.com/umatare5/cisco-wnc-exporter/internal/wnc/client.go:34.92,36.16 2 1
github.com/umatare5/cisco-wnc-exporter/internal/wnc/client.go:36.16,38.3 1 1
github.com/umatare5/cisco-wnc-exporter/internal/wnc/client.go:39.2,39.33 1 1
github.com/umatare5/cisco-wnc-exporter/internal/wnc/client.go:43.84,45.16 2 1
github.com/umatare5/cisco-wnc-exporter/internal/wnc/client.go:45.16,47.3 1 1
github.com/umatare5/cisco-wnc-exporter/internal/wnc/client.go:48.2,48.25 1 1
github.com/umatare5/cisco-wnc-exporter/internal/wnc/client.go:52.90,54.16 2 1
github.com/umatare5/cisco-wnc-exporter/internal/wnc/client.go:54.16,56.3 1 1
github.com/umatare5/cisco-wnc-exporter/internal/wnc/client.go:57.2,57.32 1 1
github.com/umatare5/cisco-wnc-exporter/internal/wnc/client.go:61.87,63.16 2 1
github.com/umatare5/cisco-wnc-exporter/internal/wnc/client.go:63.16,65.3 1 1
github.com/umatare5/cisco-wnc-exporter/internal/wnc/client.go:66.2,66.28 1 1
github.com/umatare5/cisco-wnc-exporter/internal/wnc/client.go:70.92,72.16 2 1
github.com/umatare5/cisco-wnc-exporter/internal/wnc/client.go:72.16,74.3 1 1
github.com/umatare5/cisco-wnc-exporter/internal/wnc/client.go:75.2,75.31 1 1
github.com/umatare5/cisco-wnc-exporter/internal/wnc/client.go:79.100,81.16 2 1
github.com/umatare5/cisco-wnc-exporter/internal/wnc/client.go:81.16,83.3 1 1
github.com/umatare5/cisco-wnc-exporter/internal/wnc/client.go:84.2,84.36 1 1
github.com/umatare5/cisco-wnc-exporter/internal/wnc/fetchers.go:32.47,34.78 1 1
github.com/umatare5/cisco-wnc-exporter/internal/wnc/fetchers.go:34.78,36.18 2 1
github.com/umatare5/cisco-wnc-exporter/internal/wnc/fetchers.go:36.18,38.5 1 1
github.com/umatare5/cisco-wnc-exporter/internal/wnc/fetchers.go:39.4,40.33 2 1
github.com/umatare5/cisco-wnc-exporter/internal/wnc/fetchers.go:42.76,44.18 2 1
github.com/umatare5/cisco-wnc-exporter/internal/wnc/fetchers.go:44.18,46.5 1 1
github.com/umatare5/cisco-wnc-exporter/internal/wnc/fetchers.go:47.4,48.33 2 1
github.com/umatare5/cisco-wnc-exporter/internal/wnc/fetchers.go:50.81,52.18 2 1
github.com/umatare5/cisco-wnc-exporter/internal/wnc/fetchers.go:52.18,54.5 1 1
github.com/umatare5/cisco-wnc-exporter/internal/wnc/fetchers.go:55.4,56.36 2 1
github.com/umatare5/cisco-wnc-exporter/internal/wnc/fetchers.go:58.78,60.18 2 1
github.com/umatare5/cisco-wnc-exporter/internal/wnc/fetchers.go:60.18,62.5 1 1
github.com/umatare5/cisco-wnc-exporter/internal/wnc/fetchers.go:63.4,64.34 2 1
github.com/umatare5/cisco-wnc-exporter/internal/wnc/fetchers.go:66.80,68.18 2 1
github.com/umatare5/cisco-wnc-exporter/internal/wnc/fetchers.go:68.18,70.5 1 1
github.com/umatare5/cisco-wnc-exporter/internal/wnc/fetchers.go:71.4,72.38 2 1
github.com/umatare5/cisco-wnc-exporter/internal/wnc/fetchers.go:74.80,76.18 2 1
github.com/umatare5/cisco-wnc-exporter/internal/wnc/fetchers.go:76.18,78.5 1 1
github.com/umatare5/cisco-wnc-exporter/internal/wnc/fetchers.go:79.4,79.49 1 1
github.com/umatare5/cisco-wnc-exporter/internal/wnc/fetchers.go:79.49,81.5 1 1
github.com/umatare5/cisco-wnc-exporter/internal/wnc/fetchers.go:82.4,82.40 1 1
github.com/umatare5/cisco-wnc-exporter/internal/wnc/fetchers.go:84.78,86.18 2 1
github.com/umatare5/cisco-wnc-exporter/internal/wnc/fetchers.go:86.18,88.5 1 1
github.com/umatare5/cisco-wnc-exporter/internal/wnc/fetchers.go:89.4,89.47 1 1
github.com/umatare5/cisco-wnc-exporter/internal/wnc/fetchers.go:89.47,91.5 1 1
github.com/umatare5/cisco-wnc-exporter/internal/wnc/fetchers.go:92.4,92.35 1 1
github.com/umatare5/cisco-wnc-exporter/internal/wnc/fetchers.go:94.87,96.18 2 1
github.com/umatare5/cisco-wnc-exporter/internal/wnc/fetchers.go:96.18,98.5 1 1
github.com/umatare5/cisco-wnc-exporter/internal/wnc/fetchers.go:99.4,99.52 1 1
github.com/umatare5/cisco-wnc-exporter/internal/wnc/fetchers.go:99.52,101.5 1 1
github.com/umatare5/cisco-wnc-exporter/internal/wnc/fetchers.go:102.4,102.44 1 1
github.com/umatare5/cisco-wnc-exporter/internal/wnc/fetchers.go:104.86,106.18 2 1
github.com/umatare5/cisco-wnc-exporter/internal/wnc/fetchers.go:106.18,108.5 1 1
github.com/umatare5/cisco-wnc-exporter/internal/wnc/fetchers.go:109.4,110.37 2 1
github.com/umatare5/cisco-wnc-exporter/internal/wnc/fetchers.go:112.78,114.18 2 1
github.com/umatare5/cisco-wnc-exporter/internal/wnc/fetchers.go:114.18,116.5 1 1
github.com/umatare5/cisco-wnc-exporter/internal/wnc/fetchers.go:117.4,118.29 2 1
github.com/umatare5/cisco-wnc-exporter/internal/wnc/fetchers.go:120.85,122.18 2 1
github.com/umatare5/cisco-wnc-exporter/internal/wnc/fetchers.go:122.18,124.5 1 1
github.com/umatare5/cisco-wnc-exporter/internal/wnc/fetchers.go:125.4,126.36 2 1
github.com/umatare5/cisco-wnc-exporter/internal/wnc/fetchers.go:128.81,130.18 2 1
github.com/umatare5/cisco-wnc-exporter/internal/wnc/fetchers.go:130.18,132.5 1 1
github.com/umatare5/cisco-wnc-exporter/internal/wnc/fetchers.go:133.4,134.32 2 1
github.com/umatare5/cisco-wnc-exporter/internal/wnc/fetchers.go:136.84,138.18 2 1
github.com/umatare5/cisco-wnc-exporter/internal/wnc/fetchers.go:138.18,140.5 1 1
github.com/umatare5/cisco-wnc-exporter/internal/wnc/fetchers.go:141.4,142.35 2 1
github.com/umatare5/cisco-wnc-exporter/internal/wnc/fetchers.go:144.83,146.18 2 1
github.com/umatare5/cisco-wnc-exporter/internal/wnc/fetchers.go:146.18,148.5 1 1
github.com/umatare5/cisco-wnc-exporter/internal/wnc/fetchers.go:149.4,150.40 2 1
github.com/umatare5/cisco-wnc-exporter/internal/wnc/fetchers.go:152.82,154.18 2 1
github.com/umatare5/cisco-wnc-exporter/internal/wnc/fetchers.go:154.18,156.5 1 1
github.com/umatare5/cisco-wnc-exporter/internal/wnc/fetchers.go:157.4,158.37 2 1
github.com/umatare5/cisco-wnc-exporter/internal/wnc/fetchers.go:160.83,162.18 2 1
github.com/umatare5/cisco-wnc-exporter/internal/wnc/fetchers.go:162.18,164.5 1 1
github.com/umatare5/cisco-wnc-exporter/internal/wnc/fetchers.go:165.4,166.38 2 1
github.com/umatare5/cisco-wnc-exporter/internal/wnc/fetchers.go:168.77,170.18 2 1
github.com/umatare5/cisco-wnc-exporter/internal/wnc/fetchers.go:170.18,172.5 1 1
github.com/umatare5/cisco-wnc-exporter/internal/wnc/fetchers.go:173.4,174.34 2 1
github.com/umatare5/cisco-wnc-exporter/internal/wnc/fetchers.go:176.85,178.18 2 1
github.com/umatare5/cisco-wnc-exporter/internal/wnc/fetchers.go:178.18,180.5 1 1
github.com/umatare5/cisco-wnc-exporter/internal/wnc/fetchers.go:181.4,182.39 2 1
github.com/umatare5/cisco-wnc-exporter/internal/wnc/refresher.go:46.14,48.2 1 1
github.com/umatare5/cisco-wnc-exporter/internal/wnc/refresher.go:52.41,53.55 1 1
github.com/umatare5/cisco-wnc-exporter/internal/wnc/refresher.go:53.55,55.3 1 1
github.com/umatare5/cisco-wnc-exporter/internal/wnc/refresher.go:56.2,56.21 1 1
github.com/umatare5/cisco-wnc-exporter/internal/wnc/refresher.go:60.32,62.2 1 1
github.com/umatare5/cisco-wnc-exporter/internal/wnc/refresher.go:66.29,68.2 1 1
github.com/umatare5/cisco-wnc-exporter/internal/wnc/refresher.go:71.54,79.14 2 1
github.com/umatare5/cisco-wnc-exporter/internal/wnc/refresher.go:79.14,81.3 1 1
github.com/umatare5/cisco-wnc-exporter/internal/wnc/refresher.go:83.2,86.15 3 1
github.com/umatare5/cisco-wnc-exporter/internal/wnc/refresher.go:86.15,87.31 1 1
github.com/umatare5/cisco-wnc-exporter/internal/wnc/refresher.go:87.31,90.4 2 1
github.com/umatare5/cisco-wnc-exporter/internal/wnc/refresher.go:96.2,101.16 4 1
github.com/umatare5/cisco-wnc-exporter/internal/wnc/refresher.go:101.16,103.3 1 1
github.com/umatare5/cisco-wnc-exporter/internal/wnc/refresher.go:103.8,109.3 2 1
github.com/umatare5/cisco-wnc-exporter/internal/wnc/refresher.go:111.2,111.24 1 1
github.com/umatare5/cisco-wnc-exporter/internal/wnc/rrm.go:24.58,28.2 1 1
github.com/umatare5/cisco-wnc-exporter/internal/wnc/rrm.go:31.91,33.16 2 1
github.com/umatare5/cisco-wnc-exporter/internal/wnc/rrm.go:33.16,35.3 1 1
github.com/umatare5/cisco-wnc-exporter/internal/wnc/rrm.go:36.2,36.34 1 1
github.com/umatare5/cisco-wnc-exporter/internal/wnc/rrm.go:40.84,42.16 2 1
github.com/umatare5/cisco-wnc-exporter/internal/wnc/rrm.go:42.16,44.3 1 1
github.com/umatare5/cisco-wnc-exporter/internal/wnc/rrm.go:45.2,45.30 1 1
github.com/umatare5/cisco-wnc-exporter/internal/wnc/rrm.go:49.94,51.16 2 1
github.com/umatare5/cisco-wnc-exporter/internal/wnc/rrm.go:51.16,53.3 1 1
github.com/umatare5/cisco-wnc-exporter/internal/wnc/rrm.go:54.2,54.35 1 1
github.com/umatare5/cisco-wnc-exporter/internal/wnc/wlan.go:24.60,28.2 1 1
github.com/umatare5/cisco-wnc-exporter/internal/wnc/wlan.go:31.90,33.16 2 1
github.com/umatare5/cisco-wnc-exporter/internal/wnc/wlan.go:33.16,35.3 1 1
github.com/umatare5/cisco-wnc-exporter/internal/wnc/wlan.go:36.2,36.36 1 1
github.com/umatare5/cisco-wnc-exporter/internal/wnc/wlan.go:40.83,42.16 2 1
github.com/umatare5/cisco-wnc-exporter/internal/wnc/wlan.go:42.16,44.3 1 1
github.com/umatare5/cisco-wnc-exporter/internal/wnc/wlan.go:45.2,45.31 1 1
github.com/umatare5/cisco-wnc-exporter/internal/wnc/wlan.go:49.97,51.16 2 1
github.com/umatare5/cisco-wnc-exporter/internal/wnc/wlan.go:51.16,53.3 1 1
github.com/umatare5/cisco-wnc-exporter/internal/wnc/wlan.go:54.2,54.40 1 1
github.com/umatare5/cisco-wnc-exporter/internal/wnc/wnc_client.go:12.50,20.16 3 1
github.com/umatare5/cisco-wnc-exporter/internal/wnc/wnc_client.go:20.16,21.61 1 0
github.com/umatare5/cisco-wnc-exporter/internal/wnc/wnc_client.go:24.2,24.18 1 1
github.com/umatare5/cisco-wnc-exporter/internal/cli/main.go:18.28,24.61 1 0
github.com/umatare5/cisco-wnc-exporter/internal/cli/main.go:24.61,26.18 2 0
github.com/umatare5/cisco-wnc-exporter/internal/cli/main.go:26.18,29.5 2 0
github.com/umatare5/cisco-wnc-exporter/internal/cli/main.go:31.4,33.18 2 0
github.com/umatare5/cisco-wnc-exporter/internal/cli/main.go:33.18,36.5 2 0
github.com/umatare5/cisco-wnc-exporter/internal/cli/main.go:38.4,38.55 1 0
github.com/umatare5/cisco-wnc-exporter/internal/cli/main.go:42.2,42.63 1 0
github.com/umatare5/cisco-wnc-exporter/internal/cli/main.go:42.63,45.3 2 0
github.com/umatare5/cisco-wnc-exporter/internal/cli/main.go:46.2,46.12 1 0
github.com/umatare5/cisco-wnc-exporter/internal/cli/main.go:50.33,62.2 11 1
github.com/umatare5/cisco-wnc-exporter/internal/cli/main.go:65.36,83.2 1 1
github.com/umatare5/cisco-wnc-exporter/internal/cli/main.go:86.36,117.2 1 1
github.com/umatare5/cisco-wnc-exporter/internal/cli/main.go:120.42,129.2 1 1
github.com/umatare5/cisco-wnc-exporter/internal/cli/main.go:132.44,174.2 1 1
github.com/umatare5/cisco-wnc-exporter/internal/cli/main.go:177.46,213.2 1 1
github.com/umatare5/cisco-wnc-exporter/internal/cli/main.go:216.48,258.2 1 1
github.com/umatare5/cisco-wnc-exporter/internal/cli/main.go:261.36,274.2 1 1
github.com/umatare5/cisco-wnc-exporter/internal/cli/main.go:277.50,292.2 1 1
github.com/umatare5/cisco-wnc-exporter/internal/cli/main.go:295.40,303.2 1 1
github.com/umatare5/cisco-wnc-exporter/internal/cli/version.go:6.26,8.2 1 1
github.com/umatare5/cisco-wnc-exporter/internal/server/lifecycle.go:28.95,36.2 3 1
github.com/umatare5/cisco-wnc-exporter/internal/server/lifecycle.go:40.83,53.2 5 0
github.com/umatare5/cisco-wnc-exporter/internal/server/lifecycle.go:57.60,64.12 4 1
github.com/umatare5/cisco-wnc-exporter/internal/server/lifecycle.go:64.12,66.52 2 1
github.com/umatare5/cisco-wnc-exporter/internal/server/lifecycle.go:66.52,68.4 1 1
github.com/umatare5/cisco-wnc-exporter/internal/server/lifecycle.go:72.2,72.9 1 1
github.com/umatare5/cisco-wnc-exporter/internal/server/lifecycle.go:73.20,74.40 1 1
github.com/umatare5/cisco-wnc-exporter/internal/server/lifecycle.go:75.22,76.13 1 0
github.com/umatare5/cisco-wnc-exporter/internal/server/lifecycle.go:80.2,83.56 3 1
github.com/umatare5/cisco-wnc-exporter/internal/server/lifecycle.go:83.56,86.3 2 0
github.com/umatare5/cisco-wnc-exporter/internal/server/lifecycle.go:88.2,89.12 2 1
github.com/umatare5/cisco-wnc-exporter/internal/server/server.go:13.62,21.74 3 1
github.com/umatare5/cisco-wnc-exporter/internal/server/server.go:21.74,25.3 3 1
github.com/umatare5/cisco-wnc-exporter/internal/server/server.go:27.2,27.67 1 1
github.com/umatare5/cisco-wnc-exporter/internal/server/server.go:27.67,38.3 3 1
github.com/umatare5/cisco-wnc-exporter/internal/server/server.go:40.2,44.3 1 1
